Java HotSpot(TM) 64-Bit Server VM (25.151-b12) for windows-amd64 JRE (1.8.0_151-b12), built on Sep  5 2017 19:33:46 by "java_re" with MS VC++ 10.0 (VS2010)
Memory: 4k page, physical 16476824k(10951408k free), swap 20277912k(11209188k free)
CommandLine flags: -XX:InitialHeapSize=263629184 -XX:MaxHeapSize=4218066944 -XX:+PrintGC -XX:+PrintGCDetails -XX:+PrintGCTimeStamps -XX:+TraceClassLoading -XX:+UseCompressedClassPointers -XX:+UseCompressedOops -XX:-UseLargePagesIndividualAllocation -XX:+UseParallelGC 
1.201: [GC (Allocation Failure) [PSYoungGen: 5168K->815K(75264K)] 2102320K->2097975K(2822656K), 0.0290635 secs] [Times: user=0.16 sys=0.00, real=0.03 secs] 
1.230: [GC (Allocation Failure) [PSYoungGen: 815K->824K(139776K)] 2097975K->2097992K(2887168K), 0.0270648 secs] [Times: user=0.19 sys=0.00, real=0.03 secs] 
1.258: [Full GC (Allocation Failure) [PSYoungGen: 824K->0K(139776K)] [ParOldGen: 2097168K->700K(200192K)] 2097992K->700K(339968K), [Metaspace: 3301K->3301K(1056768K)], 0.1763728 secs] [Times: user=0.02 sys=0.16, real=0.18 secs] 
2.340: [GC (Allocation Failure) [PSYoungGen: 5161K->0K(139776K)] 2103013K->2097852K(2887168K), 0.0089842 secs] [Times: user=0.09 sys=0.00, real=0.01 secs] 
2.349: [GC (Allocation Failure) [PSYoungGen: 0K->0K(260096K)] 2097852K->2097852K(3007488K), 0.0088131 secs] [Times: user=0.08 sys=0.02, real=0.01 secs] 
2.358: [Full GC (Allocation Failure) [PSYoungGen: 0K->0K(260096K)] [ParOldGen: 2097852K->1024K(203264K)] 2097852K->1024K(463360K), [Metaspace: 3301K->3301K(1056768K)], 0.1444461 secs] [Times: user=0.00 sys=0.14, real=0.14 secs] 
3.278: [GC (Allocation Failure) [PSYoungGen: 4986K->0K(260096K)] 2103162K->2098176K(3007488K), 0.0136894 secs] [Times: user=0.13 sys=0.00, real=0.01 secs] 
3.292: [GC (Allocation Failure) [PSYoungGen: 0K->0K(490496K)] 2098176K->2098176K(3237888K), 0.0126503 secs] [Times: user=0.13 sys=0.00, real=0.01 secs] 
3.305: [Full GC (Allocation Failure) [PSYoungGen: 0K->0K(490496K)] [ParOldGen: 2098176K->625K(204288K)] 2098176K->625K(694784K), [Metaspace: 3301K->3301K(1056768K)], 0.1370121 secs] [Times: user=0.13 sys=0.13, real=0.14 secs] 
4.201: [GC (Allocation Failure) [PSYoungGen: 9779K->0K(490496K)] 2107556K->2097777K(3237888K), 0.0099411 secs] [Times: user=0.13 sys=0.00, real=0.01 secs] 
4.211: [GC (Allocation Failure) [PSYoungGen: 0K->0K(961536K)] 2097777K->2097777K(3708928K), 0.0090096 secs] [Times: user=0.13 sys=0.00, real=0.01 secs] 
4.220: [Full GC (Allocation Failure) [PSYoungGen: 0K->0K(961536K)] [ParOldGen: 2097777K->1024K(206336K)] 2097777K->1024K(1167872K), [Metaspace: 3301K->3301K(1056768K)], 0.1343745 secs] [Times: user=0.00 sys=0.13, real=0.13 secs] 
5.108: [GC (Allocation Failure) [PSYoungGen: 19210K->0K(961536K)] 2117386K->2098176K(3708928K), 0.0142278 secs] [Times: user=0.00 sys=0.00, real=0.01 secs] 
5.122: [GC (Allocation Failure) [PSYoungGen: 0K->0K(1372160K)] 2098176K->2098176K(4119552K), 0.0125418 secs] [Times: user=0.13 sys=0.00, real=0.01 secs] 
5.135: [Full GC (Allocation Failure) [PSYoungGen: 0K->0K(1372160K)] [ParOldGen: 2098176K->1024K(207360K)] 2098176K->1024K(1579520K), [Metaspace: 3301K->3301K(1056768K)], 0.1372094 secs] [Times: user=0.01 sys=0.13, real=0.14 secs] 
6.452: [GC (Allocation Failure) [PSYoungGen: 1075998K->0K(1372160K)] 3174174K->2098176K(4119552K), 0.0124396 secs] [Times: user=0.00 sys=0.00, real=0.01 secs] 
6.510: [GC (Allocation Failure) [PSYoungGen: 1075998K->0K(1372160K)] 3174174K->2098176K(4119552K), 0.0126753 secs] [Times: user=0.13 sys=0.00, real=0.01 secs] 
6.567: [GC (Allocation Failure) [PSYoungGen: 1075754K->0K(1372160K)] 3173930K->2098176K(4119552K), 0.0127946 secs] [Times: user=0.13 sys=0.00, real=0.01 secs] 
6.624: [GC (Allocation Failure) [PSYoungGen: 1075597K->0K(1372160K)] 3173773K->2098176K(4119552K), 0.0124528 secs] [Times: user=0.11 sys=0.00, real=0.01 secs] 
6.683: [GC (Allocation Failure) [PSYoungGen: 1075496K->0K(1372160K)] 3173672K->2098176K(4119552K), 0.0118413 secs] [Times: user=0.11 sys=0.00, real=0.01 secs] 
6.741: [GC (Allocation Failure) [PSYoungGen: 1075432K->0K(1372160K)] 3173608K->2098176K(4119552K), 0.0127331 secs] [Times: user=0.13 sys=0.00, real=0.01 secs] 
6.804: [GC (Allocation Failure) [PSYoungGen: 1075390K->0K(1372160K)] 3173566K->2098176K(4119552K), 0.0122284 secs] [Times: user=0.13 sys=0.00, real=0.01 secs] 
6.861: [GC (Allocation Failure) [PSYoungGen: 1075364K->0K(1372160K)] 3173540K->2098176K(4119552K), 0.0120897 secs] [Times: user=0.00 sys=0.00, real=0.01 secs] 
6.920: [GC (Allocation Failure) [PSYoungGen: 1075347K->0K(1372160K)] 3173523K->2098176K(4119552K), 0.0133424 secs] [Times: user=0.13 sys=0.00, real=0.01 secs] 
6.981: [GC (Allocation Failure) [PSYoungGen: 1075336K->0K(1371648K)] 3173512K->2098176K(4119040K), 0.0111234 secs] [Times: user=0.13 sys=0.00, real=0.01 secs] 
7.038: [GC (Allocation Failure) [PSYoungGen: 1075329K->0K(1372160K)] 3173505K->2098176K(4119552K), 0.0120998 secs] [Times: user=0.13 sys=0.00, real=0.01 secs] 
7.094: [GC (Allocation Failure) [PSYoungGen: 1075334K->0K(1372672K)] 3173510K->2098176K(4120064K), 0.0125446 secs] [Times: user=0.00 sys=0.00, real=0.01 secs] 
7.158: [GC (Allocation Failure) [PSYoungGen: 1075341K->0K(1372672K)] 3173517K->2098176K(4120064K), 0.0125077 secs] [Times: user=0.00 sys=0.00, real=0.01 secs] 
7.217: [GC (Allocation Failure) [PSYoungGen: 1075339K->0K(1372672K)] 3173515K->2098176K(4120064K), 0.0123415 secs] [Times: user=0.13 sys=0.00, real=0.01 secs] 
7.275: [GC (Allocation Failure) [PSYoungGen: 1075338K->0K(1372672K)] 3173514K->2098176K(4120064K), 0.0124665 secs] [Times: user=0.13 sys=0.00, real=0.01 secs] 
7.334: [GC (Allocation Failure) [PSYoungGen: 1075337K->0K(1372672K)] 3173513K->2098176K(4120064K), 0.0125877 secs] [Times: user=0.13 sys=0.00, real=0.01 secs] 
7.392: [GC (Allocation Failure) [PSYoungGen: 1075337K->0K(1372672K)] 3173513K->2098176K(4120064K), 0.0130702 secs] [Times: user=0.00 sys=0.00, real=0.01 secs] 
7.452: [GC (Allocation Failure) [PSYoungGen: 1075336K->0K(1372672K)] 3173512K->2098176K(4120064K), 0.0131333 secs] [Times: user=0.00 sys=0.00, real=0.01 secs] 
7.513: [GC (Allocation Failure) [PSYoungGen: 1075336K->0K(1372672K)] 3173512K->2098176K(4120064K), 0.0128711 secs] [Times: user=0.13 sys=0.00, real=0.01 secs] 
7.570: [GC (Allocation Failure) [PSYoungGen: 1075336K->0K(1372672K)] 3173512K->2098176K(4120064K), 0.0131598 secs] [Times: user=0.13 sys=0.00, real=0.01 secs] 
7.635: [GC (Allocation Failure) [PSYoungGen: 1075336K->0K(1372672K)] 3173512K->2098176K(4120064K), 0.0115812 secs] [Times: user=0.11 sys=0.00, real=0.01 secs] 
7.697: [GC (Allocation Failure) [PSYoungGen: 1075336K->0K(1372672K)] 3173512K->2098176K(4120064K), 0.0131831 secs] [Times: user=0.11 sys=0.02, real=0.01 secs] 
7.756: [GC (Allocation Failure) [PSYoungGen: 1075336K->0K(1372672K)] 3173512K->2098176K(4120064K), 0.0127175 secs] [Times: user=0.13 sys=0.00, real=0.01 secs] 
7.813: [GC (Allocation Failure) [PSYoungGen: 1075336K->0K(1372672K)] 3173512K->2098176K(4120064K), 0.0125201 secs] [Times: user=0.00 sys=0.00, real=0.01 secs] 
7.873: [GC (Allocation Failure) [PSYoungGen: 1075336K->0K(1372672K)] 3173512K->2098176K(4120064K), 0.0128539 secs] [Times: user=0.13 sys=0.00, real=0.01 secs] 
7.933: [GC (Allocation Failure) [PSYoungGen: 1075336K->0K(1372672K)] 3173512K->2098176K(4120064K), 0.0129724 secs] [Times: user=0.13 sys=0.00, real=0.01 secs] 
7.992: [GC (Allocation Failure) [PSYoungGen: 1075336K->0K(1372672K)] 3173512K->2098176K(4120064K), 0.0130155 secs] [Times: user=0.13 sys=0.00, real=0.01 secs] 
8.049: [GC (Allocation Failure) [PSYoungGen: 1075336K->0K(1372672K)] 3173512K->2098176K(4120064K), 0.0127411 secs] [Times: user=0.00 sys=0.00, real=0.01 secs] 
8.114: [GC (Allocation Failure) [PSYoungGen: 1075336K->0K(1372672K)] 3173512K->2098176K(4120064K), 0.0127669 secs] [Times: user=0.13 sys=0.00, real=0.01 secs] 
8.173: [GC (Allocation Failure) [PSYoungGen: 1075336K->0K(1372672K)] 3173512K->2098176K(4120064K), 0.0126190 secs] [Times: user=0.00 sys=0.00, real=0.01 secs] 
8.230: [GC (Allocation Failure) [PSYoungGen: 1075336K->0K(1372672K)] 3173512K->2098176K(4120064K), 0.0132727 secs] [Times: user=0.13 sys=0.00, real=0.01 secs] 
8.288: [GC (Allocation Failure) [PSYoungGen: 1075336K->0K(1372672K)] 3173512K->2098176K(4120064K), 0.0127262 secs] [Times: user=0.11 sys=0.02, real=0.01 secs] 
8.347: [GC (Allocation Failure) [PSYoungGen: 1075336K->0K(1372672K)] 3173512K->2098176K(4120064K), 0.0133506 secs] [Times: user=0.00 sys=0.00, real=0.01 secs] 
8.407: [GC (Allocation Failure) [PSYoungGen: 1075336K->0K(1372672K)] 3173512K->2098176K(4120064K), 0.0131000 secs] [Times: user=0.00 sys=0.00, real=0.01 secs] 
8.465: [GC (Allocation Failure) [PSYoungGen: 1075336K->0K(1372672K)] 3173512K->2098176K(4120064K), 0.0124128 secs] [Times: user=0.13 sys=0.00, real=0.01 secs] 
8.524: [GC (Allocation Failure) [PSYoungGen: 1075336K->0K(1372672K)] 3173512K->2098176K(4120064K), 0.0129172 secs] [Times: user=0.13 sys=0.00, real=0.01 secs] 
8.589: [GC (Allocation Failure) [PSYoungGen: 1075336K->0K(1372672K)] 3173512K->2098176K(4120064K), 0.0125895 secs] [Times: user=0.13 sys=0.00, real=0.01 secs] 
8.649: [GC (Allocation Failure) [PSYoungGen: 1075336K->0K(1372672K)] 3173512K->2098176K(4120064K), 0.0121380 secs] [Times: user=0.11 sys=0.00, real=0.01 secs] 
8.708: [GC (Allocation Failure) [PSYoungGen: 1075336K->0K(1372672K)] 3173512K->2098176K(4120064K), 0.0124164 secs] [Times: user=0.13 sys=0.00, real=0.01 secs] 
8.766: [GC (Allocation Failure) [PSYoungGen: 1075336K->0K(1372672K)] 3173512K->2098176K(4120064K), 0.0115527 secs] [Times: user=0.00 sys=0.00, real=0.01 secs] 
8.825: [GC (Allocation Failure) [PSYoungGen: 1075336K->0K(1372672K)] 3173512K->2098176K(4120064K), 0.0125506 secs] [Times: user=0.13 sys=0.00, real=0.01 secs] 
8.884: [GC (Allocation Failure) [PSYoungGen: 1075336K->0K(1372672K)] 3173512K->2098176K(4120064K), 0.0125221 secs] [Times: user=0.13 sys=0.00, real=0.01 secs] 
8.949: [GC (Allocation Failure) [PSYoungGen: 1075336K->0K(1372672K)] 3173512K->2098176K(4120064K), 0.0121630 secs] [Times: user=0.13 sys=0.00, real=0.01 secs] 
9.005: [GC (Allocation Failure) [PSYoungGen: 1075336K->0K(1372672K)] 3173512K->2098176K(4120064K), 0.0122349 secs] [Times: user=0.13 sys=0.00, real=0.01 secs] 
9.063: [GC (Allocation Failure) [PSYoungGen: 1075336K->0K(1372672K)] 3173512K->2098176K(4120064K), 0.0126200 secs] [Times: user=0.00 sys=0.00, real=0.01 secs] 
9.123: [GC (Allocation Failure) [PSYoungGen: 1075336K->0K(1372672K)] 3173512K->2098176K(4120064K), 0.0124272 secs] [Times: user=0.13 sys=0.00, real=0.01 secs] 
9.182: [GC (Allocation Failure) [PSYoungGen: 1075336K->0K(1372672K)] 3173512K->2098176K(4120064K), 0.0132887 secs] [Times: user=0.11 sys=0.00, real=0.01 secs] 
9.240: [GC (Allocation Failure) [PSYoungGen: 1075336K->0K(1372672K)] 3173512K->2098176K(4120064K), 0.0125969 secs] [Times: user=0.13 sys=0.00, real=0.01 secs] 
9.304: [GC (Allocation Failure) [PSYoungGen: 1075336K->0K(1372672K)] 3173512K->2098176K(4120064K), 0.0129518 secs] [Times: user=0.13 sys=0.00, real=0.01 secs] 
9.363: [GC (Allocation Failure) [PSYoungGen: 1102779K->64K(1372672K)] 3200955K->2098248K(4120064K), 0.0275042 secs] [Times: user=0.09 sys=0.00, real=0.03 secs] 
9.435: [GC (Allocation Failure) [PSYoungGen: 1075167K->0K(1372672K)] 3173351K->2098192K(4120064K), 0.0242267 secs] [Times: user=0.25 sys=0.00, real=0.02 secs] 
9.506: [GC (Allocation Failure) [PSYoungGen: 1075186K->0K(1372672K)] 3173378K->2098192K(4120064K), 0.0250760 secs] [Times: user=0.19 sys=0.00, real=0.03 secs] 
9.583: [GC (Allocation Failure) [PSYoungGen: 1075240K->0K(1372672K)] 3173432K->2098192K(4120064K), 0.0242999 secs] [Times: user=0.11 sys=0.00, real=0.03 secs] 
9.654: [GC (Allocation Failure) [PSYoungGen: 1075274K->0K(1372672K)] 3173466K->2098192K(4120064K), 0.0246787 secs] [Times: user=0.25 sys=0.00, real=0.02 secs] 
9.724: [GC (Allocation Failure) [PSYoungGen: 1075296K->0K(1372672K)] 3173488K->2098192K(4120064K), 0.0242915 secs] [Times: user=0.13 sys=0.00, real=0.02 secs] 
9.792: [GC (Allocation Failure) [PSYoungGen: 1075311K->0K(1372672K)] 3173503K->2098192K(4120064K), 0.0239647 secs] [Times: user=0.25 sys=0.00, real=0.02 secs] 
9.860: [GC (Allocation Failure) [PSYoungGen: 1075320K->0K(1372672K)] 3173512K->2098192K(4120064K), 0.0260385 secs] [Times: user=0.13 sys=0.00, real=0.03 secs] 
9.932: [GC (Allocation Failure) [PSYoungGen: 1075325K->0K(1372672K)] 3173517K->2098192K(4120064K), 0.0260743 secs] [Times: user=0.25 sys=0.00, real=0.03 secs] 
10.004: [GC (Allocation Failure) [PSYoungGen: 1075329K->0K(1372672K)] 3173521K->2098192K(4120064K), 0.0239896 secs] [Times: user=0.11 sys=0.00, real=0.02 secs] 
10.073: [GC (Allocation Failure) [PSYoungGen: 1075332K->0K(1372672K)] 3173524K->2098192K(4120064K), 0.0262399 secs] [Times: user=0.25 sys=0.00, real=0.03 secs] 
10.147: [GC (Allocation Failure) [PSYoungGen: 1075333K->0K(1372672K)] 3173525K->2098192K(4120064K), 0.0241797 secs] [Times: user=0.13 sys=0.00, real=0.02 secs] 
10.215: [GC (Allocation Failure) [PSYoungGen: 1075334K->0K(1372672K)] 3173526K->2098192K(4120064K), 0.0247803 secs] [Times: user=0.25 sys=0.00, real=0.03 secs] 
10.284: [GC (Allocation Failure) [PSYoungGen: 1075335K->0K(1372672K)] 3173527K->2098192K(4120064K), 0.0235851 secs] [Times: user=0.03 sys=0.00, real=0.02 secs] 
10.353: [GC (Allocation Failure) [PSYoungGen: 1075335K->0K(1372672K)] 3173527K->2098192K(4120064K), 0.0244006 secs] [Times: user=0.25 sys=0.00, real=0.02 secs] 
10.421: [GC (Allocation Failure) [PSYoungGen: 1075335K->0K(1372672K)] 3173527K->2098192K(4120064K), 0.0249708 secs] [Times: user=0.13 sys=0.00, real=0.03 secs] 
10.492: [GC (Allocation Failure) [PSYoungGen: 1075336K->0K(1372672K)] 3173528K->2098192K(4120064K), 0.0241857 secs] [Times: user=0.16 sys=0.00, real=0.02 secs] 
10.562: [GC (Allocation Failure) [PSYoungGen: 1075336K->0K(1372672K)] 3173528K->2098192K(4120064K), 0.0245673 secs] [Times: user=0.13 sys=0.00, real=0.03 secs] 
10.633: [GC (Allocation Failure) [PSYoungGen: 1075336K->0K(1372672K)] 3173528K->2098192K(4120064K), 0.0255316 secs] [Times: user=0.16 sys=0.00, real=0.02 secs] 
10.704: [GC (Allocation Failure) [PSYoungGen: 1075336K->0K(1372672K)] 3173528K->2098192K(4120064K), 0.0250831 secs] [Times: user=0.13 sys=0.00, real=0.03 secs] 
10.776: [GC (Allocation Failure) [PSYoungGen: 1075336K->0K(1372672K)] 3173528K->2098192K(4120064K), 0.0247478 secs] [Times: user=0.25 sys=0.00, real=0.02 secs] 
10.846: [GC (Allocation Failure) [PSYoungGen: 1075336K->0K(1372672K)] 3173528K->2098192K(4120064K), 0.0242118 secs] [Times: user=0.03 sys=0.00, real=0.02 secs] 
10.916: [GC (Allocation Failure) [PSYoungGen: 1075336K->0K(1372672K)] 3173528K->2098192K(4120064K), 0.0245964 secs] [Times: user=0.23 sys=0.02, real=0.03 secs] 
10.987: [GC (Allocation Failure) [PSYoungGen: 1075336K->0K(1372672K)] 3173528K->2098192K(4120064K), 0.0251039 secs] [Times: user=0.03 sys=0.00, real=0.03 secs] 
11.056: [GC (Allocation Failure) [PSYoungGen: 1075336K->0K(1372672K)] 3173528K->2098192K(4120064K), 0.0262385 secs] [Times: user=0.25 sys=0.00, real=0.03 secs] 
11.127: [GC (Allocation Failure) [PSYoungGen: 1075336K->0K(1372672K)] 3173528K->2098192K(4120064K), 0.0258926 secs] [Times: user=0.08 sys=0.00, real=0.03 secs] 
11.197: [GC (Allocation Failure) [PSYoungGen: 1075336K->0K(1372672K)] 3173528K->2098192K(4120064K), 0.0240507 secs] [Times: user=0.23 sys=0.01, real=0.02 secs] 
11.266: [GC (Allocation Failure) [PSYoungGen: 1075336K->0K(1372672K)] 3173528K->2098192K(4120064K), 0.0238407 secs] [Times: user=0.13 sys=0.00, real=0.02 secs] 
11.335: [GC (Allocation Failure) [PSYoungGen: 1075336K->0K(1372672K)] 3173528K->2098192K(4120064K), 0.0237474 secs] [Times: user=0.13 sys=0.00, real=0.02 secs] 
11.405: [GC (Allocation Failure) [PSYoungGen: 1075336K->0K(1372672K)] 3173528K->2098192K(4120064K), 0.0249052 secs] [Times: user=0.25 sys=0.00, real=0.03 secs] 
11.475: [GC (Allocation Failure) [PSYoungGen: 1075336K->0K(1372672K)] 3173528K->2098192K(4120064K), 0.0263655 secs] [Times: user=0.25 sys=0.00, real=0.03 secs] 
11.546: [GC (Allocation Failure) [PSYoungGen: 1075336K->0K(1372672K)] 3173528K->2098192K(4120064K), 0.0240205 secs] [Times: user=0.25 sys=0.00, real=0.02 secs] 
11.616: [GC (Allocation Failure) [PSYoungGen: 1075336K->0K(1372672K)] 3173528K->2098192K(4120064K), 0.0253228 secs] [Times: user=0.19 sys=0.00, real=0.02 secs] 
11.686: [GC (Allocation Failure) [PSYoungGen: 1075336K->0K(1372672K)] 3173528K->2098192K(4120064K), 0.0244576 secs] [Times: user=0.25 sys=0.00, real=0.02 secs] 
11.756: [GC (Allocation Failure) [PSYoungGen: 1075336K->0K(1372672K)] 3173528K->2098192K(4120064K), 0.0240029 secs] [Times: user=0.13 sys=0.00, real=0.02 secs] 
11.830: [GC (Allocation Failure) [PSYoungGen: 1075336K->0K(1372672K)] 3173528K->2098192K(4120064K), 0.0263783 secs] [Times: user=0.11 sys=0.00, real=0.03 secs] 
11.901: [GC (Allocation Failure) [PSYoungGen: 1075336K->0K(1372672K)] 3173528K->2098192K(4120064K), 0.0253250 secs] [Times: user=0.24 sys=0.02, real=0.03 secs] 
11.972: [GC (Allocation Failure) [PSYoungGen: 1075336K->0K(1372672K)] 3173528K->2098192K(4120064K), 0.0245322 secs] [Times: user=0.03 sys=0.00, real=0.03 secs] 
Heap
 PSYoungGen      total 1372672K, used 1102779K [0x000000076c300000, 0x00000007c0000000, 0x00000007c0000000)
  eden space 1372160K, 80% used [0x000000076c300000,0x00000007af7eefa0,0x00000007bff00000)
  from space 512K, 0% used [0x00000007bff00000,0x00000007bff00000,0x00000007bff80000)
  to   space 512K, 0% used [0x00000007bff80000,0x00000007bff80000,0x00000007c0000000)
 ParOldGen       total 2747392K, used 2098192K [0x00000006c4800000, 0x000000076c300000, 0x000000076c300000)
  object space 2747392K, 76% used [0x00000006c4800000,0x0000000744904020,0x000000076c300000)
 Metaspace       used 3315K, capacity 4556K, committed 4864K, reserved 1056768K
  class space    used 353K, capacity 392K, committed 512K, reserved 1048576K
